2025-11-20 23:45:13 [INFO] websocket: Websocket connected
2025-11-20 23:45:13 [INFO] OddsFinder: WebSocket connected
2025-11-20 23:49:21 [ERROR] OddsFinder: WebSocket Error: ping/pong timed out
2025-11-20 23:49:21 [ERROR] websocket: ping/pong timed out - goodbye
2025-11-20 23:49:34 [INFO] OddsFinder: WebSocket closed
2025-11-20 23:49:36 [INFO] websocket: Websocket connected
2025-11-20 23:49:36 [INFO] OddsFinder: WebSocket connected
2025-11-20 23:50:42 [INFO] OddsFinder: ==================================================================
2025-11-20 23:50:42 [INFO] OddsFinder: Found both Duel and Pinnacle odds pair....
2025-11-20 23:50:42 [INFO] OddsFinder: Skipping game. -4.58 is below minimum value 1.0)
2025-11-20 23:50:42 [INFO] OddsFinder: ==================================================================
2025-11-20 23:50:42 [INFO] OddsFinder: Found both Duel and Pinnacle odds pair....
2025-11-20 23:50:42 [INFO] OddsFinder: Skipping game. -4.91 is below minimum value 1.0)
2025-11-20 23:50:42 [INFO] OddsFinder: ==================================================================
2025-11-20 23:50:42 [INFO] OddsFinder: Found both Duel and Pinnacle odds pair....
2025-11-20 23:50:42 [INFO] OddsFinder: Skipping game. -3.09 is below minimum value 1.0)
2025-11-20 23:50:42 [INFO] OddsFinder: ==================================================================
2025-11-20 23:50:42 [INFO] OddsFinder: Found both Duel and Pinnacle odds pair....
2025-11-20 23:50:42 [INFO] OddsFinder: Skipping game. -3.52 is below minimum value 1.0)
2025-11-20 23:50:42 [INFO] OddsFinder: ==================================================================
2025-11-20 23:50:42 [INFO] OddsFinder: Found both Duel and Pinnacle odds pair....
2025-11-20 23:50:42 [INFO] OddsFinder: Skipping game. -3.33 is below minimum value 1.0)
2025-11-20 23:50:42 [INFO] OddsFinder: ==================================================================
2025-11-20 23:50:42 [INFO] OddsFinder: Found both Duel and Pinnacle odds pair....
2025-11-20 23:50:42 [INFO] OddsFinder: Skipping game. -3.57 is below minimum value 1.0)
2025-11-20 23:50:42 [INFO] OddsFinder: ==================================================================
2025-11-20 23:50:42 [INFO] OddsFinder: Found both Duel and Pinnacle odds pair....
2025-11-20 23:50:42 [INFO] OddsFinder: Skipping game. -5.29 is below minimum value 1.0)
2025-11-20 23:50:42 [INFO] OddsFinder: ==================================================================
2025-11-20 23:50:42 [INFO] OddsFinder: Found both Duel and Pinnacle odds pair....
2025-11-20 23:50:42 [INFO] OddsFinder: Skipping game. -3.28 is below minimum value 1.0)
2025-11-20 23:50:42 [INFO] OddsFinder: ==================================================================
2025-11-20 23:50:42 [INFO] OddsFinder: Found both Duel and Pinnacle odds pair....
2025-11-20 23:50:42 [INFO] OddsFinder: Skipping game. -5.03 is below minimum value 1.0)
2025-11-20 23:50:42 [INFO] OddsFinder: ==================================================================
2025-11-20 23:50:42 [INFO] OddsFinder: Found both Duel and Pinnacle odds pair....
2025-11-20 23:50:42 [INFO] OddsFinder: Skipping game. -5.03 is below minimum value 1.0)
2025-11-20 23:50:42 [INFO] OddsFinder: ==================================================================
2025-11-20 23:50:42 [INFO] OddsFinder: Found both Duel and Pinnacle odds pair....
2025-11-20 23:50:42 [INFO] OddsFinder: Skipping game. -3.44 is below minimum value 1.0)
2025-11-20 23:50:42 [INFO] OddsFinder: ==================================================================
2025-11-20 23:50:42 [INFO] OddsFinder: Found both Duel and Pinnacle odds pair....
2025-11-20 23:50:42 [INFO] OddsFinder: Skipping game. -3.48 is below minimum value 1.0)
2025-11-20 23:50:42 [INFO] OddsFinder: ==================================================================
2025-11-20 23:50:42 [INFO] OddsFinder: Found both Duel and Pinnacle odds pair....
2025-11-20 23:50:42 [INFO] OddsFinder: Skipping game. -3.38 is below minimum value 1.0)
2025-11-20 23:50:42 [INFO] OddsFinder: ==================================================================
2025-11-20 23:50:42 [INFO] OddsFinder: Found both Duel and Pinnacle odds pair....
2025-11-20 23:50:42 [INFO] OddsFinder: Skipping game. -3.19 is below minimum value 1.0)
2025-11-20 23:50:43 [INFO] OddsFinder: ==================================================================
2025-11-20 23:50:43 [INFO] OddsFinder: Found both Duel and Pinnacle odds pair....
2025-11-20 23:50:43 [INFO] OddsFinder: Skipping game. -7.87 is below minimum value 1.0)
2025-11-20 23:50:43 [INFO] OddsFinder: ==================================================================
2025-11-20 23:50:43 [INFO] OddsFinder: Found both Duel and Pinnacle odds pair....
2025-11-20 23:50:43 [INFO] OddsFinder: [Tennis] Value bet found for Duel with value: 2.89%
2025-11-20 23:50:43 [INFO] OddsFinder: [Tennis] Value bet pair found
----- VALUE BET SIDE (duel) -----
{
  "home_name": "Duckworth, James",
  "away_name": "Sweeny, Dane",
  "league": "Challenger - ATP Challenger Sydney, Australia Men Singles",
  "market_name": "ML",
  "selection": "away",
  "odds": 2.85,
  "sportsbook": "duel",
  "sport": "Tennis",
  "hdp": null
}
----- CORRESPONDING PINNACLE SIDE -----
{
  "home_name": "Duckworth, James",
  "away_name": "Sweeny, Dane",
  "league": "Challenger - ATP Challenger Sydney, Australia Men Singles",
  "market_name": "ML",
  "selection": "away",
  "odds": 2.77,
  "sportsbook": "pinnacle",
  "sport": "Tennis",
  "hdp": null
}
------------------------------------------
2025-11-20 23:50:43 [INFO] OddsFinder: ==================================================================
2025-11-20 23:50:43 [INFO] OddsFinder: Found both Duel and Pinnacle odds pair....
2025-11-20 23:50:43 [INFO] OddsFinder: Skipping game. -5.19 is below minimum value 1.0)
2025-11-20 23:50:43 [INFO] OddsFinder: ==================================================================
2025-11-20 23:50:43 [INFO] OddsFinder: Found both Duel and Pinnacle odds pair....
2025-11-20 23:50:43 [INFO] OddsFinder: Skipping game. -4.9 is below minimum value 1.0)
2025-11-20 23:50:43 [INFO] OddsFinder: ==================================================================
2025-11-20 23:50:43 [INFO] OddsFinder: Found both Duel and Pinnacle odds pair....
2025-11-20 23:50:43 [INFO] OddsFinder: Skipping game. -3.88 is below minimum value 1.0)
2025-11-20 23:50:43 [INFO] OddsFinder: ==================================================================
2025-11-20 23:50:43 [INFO] OddsFinder: Found both Duel and Pinnacle odds pair....
2025-11-20 23:50:43 [INFO] OddsFinder: Skipping game. -3.65 is below minimum value 1.0)
2025-11-20 23:50:43 [INFO] OddsFinder: ==================================================================
2025-11-20 23:50:43 [INFO] OddsFinder: Found both Duel and Pinnacle odds pair....
2025-11-20 23:50:43 [INFO] OddsFinder: Skipping game. -4.03 is below minimum value 1.0)
2025-11-20 23:50:43 [INFO] OddsFinder: ==================================================================
2025-11-20 23:50:43 [INFO] OddsFinder: Found both Duel and Pinnacle odds pair....
2025-11-20 23:50:43 [INFO] OddsFinder: Skipping game. -3.88 is below minimum value 1.0)
2025-11-20 23:50:47 [INFO] OddsFinder: ==================================================================
2025-11-20 23:50:47 [INFO] OddsFinder: Found both Duel and Pinnacle odds pair....
2025-11-20 23:50:47 [INFO] OddsFinder: Skipping game. -2.61 is below minimum value 1.0)
2025-11-20 23:50:47 [INFO] OddsFinder: ==================================================================
2025-11-20 23:50:47 [INFO] OddsFinder: Found both Duel and Pinnacle odds pair....
2025-11-20 23:50:47 [INFO] OddsFinder: Skipping game. -0.56 is below minimum value 1.0)
2025-11-20 23:50:47 [INFO] OddsFinder: ==================================================================
2025-11-20 23:50:47 [INFO] OddsFinder: Found both Duel and Pinnacle odds pair....
2025-11-20 23:50:47 [INFO] OddsFinder: Skipping game. -10.47 is below minimum value 1.0)
2025-11-20 23:50:47 [INFO] OddsFinder: ==================================================================
2025-11-20 23:50:47 [INFO] OddsFinder: Found both Duel and Pinnacle odds pair....
2025-11-20 23:50:47 [INFO] OddsFinder: Skipping game. -2.82 is below minimum value 1.0)
2025-11-20 23:50:47 [INFO] OddsFinder: ==================================================================
2025-11-20 23:50:47 [INFO] OddsFinder: Found both Duel and Pinnacle odds pair....
2025-11-20 23:50:47 [INFO] OddsFinder: Skipping game. -6.73 is below minimum value 1.0)
2025-11-20 23:50:47 [INFO] OddsFinder: ==================================================================
2025-11-20 23:50:47 [INFO] OddsFinder: Found both Duel and Pinnacle odds pair....
2025-11-20 23:50:47 [INFO] OddsFinder: Skipping game. -0.23 is below minimum value 1.0)
2025-11-20 23:51:48 [ERROR] OddsFinder: WebSocket Error: ping/pong timed out
2025-11-20 23:51:48 [ERROR] websocket: ping/pong timed out - goodbye
2025-11-20 23:51:51 [INFO] OddsFinder: WebSocket closed
2025-11-20 23:51:54 [INFO] websocket: Websocket connected
2025-11-20 23:51:54 [INFO] OddsFinder: WebSocket connected
2025-11-20 23:52:03 [INFO] OddsFinder: ==================================================================
2025-11-20 23:52:03 [INFO] OddsFinder: Found both Duel and Pinnacle odds pair....
2025-11-20 23:52:04 [INFO] OddsFinder: [Football] Value bet found for Duel with value: 1.55%
2025-11-20 23:52:04 [INFO] OddsFinder: [Football] Value bet pair found
----- VALUE BET SIDE (duel) -----
{
  "home_name": "NK Slaven Belupo",
  "away_name": "HNK Vukovar 1991",
  "league": "Croatia - HNL",
  "market_name": "Totals HT",
  "selection": "over",
  "odds": 1.38,
  "sportsbook": "duel",
  "sport": "Football",
  "hdp": 0.5
}
----- CORRESPONDING PINNACLE SIDE -----
{
  "home_name": "NK Slaven Belupo",
  "away_name": "HNK Vukovar 1991",
  "league": "Croatia - HNL",
  "market_name": "Totals HT",
  "selection": "over",
  "odds": 1.359,
  "sportsbook": "pinnacle",
  "sport": "Football",
  "hdp": 0.5
}
------------------------------------------
2025-11-20 23:53:22 [INFO] OddsFinder: ==================================================================
2025-11-20 23:53:22 [INFO] OddsFinder: Found both Duel and Pinnacle odds pair....
2025-11-20 23:53:22 [INFO] OddsFinder: Skipping game. -2.12 is below minimum value 1.0)
2025-11-20 23:56:30 [ERROR] OddsFinder: WebSocket Error: 
2025-11-20 23:56:31 [INFO] OddsFinder: WebSocket closed
2025-11-20 23:56:31 [INFO] websocket: tearing down on exception 
2025-12-16 01:03:37 [INFO] OddsFinder: Loaded input data: {'min_prematch_odd': 1.5, 'max_prematch_odd': 2.5, 'min_live_odd': 1.8, 'max_live_odd': 2.6, 'kelly_fraction': 0.4, 'min_value_percentage': 10.0}
2025-12-16 01:03:37 [INFO] OddsFinder: Loaded 258 previously sent bets
2025-12-16 01:03:37 [INFO] OddsFinder: Initializing DuelClient...
2025-12-16 01:03:37 [INFO] DuelClient: Initializing DuelClient...
2025-12-16 01:03:37 [INFO] DuelClient: Loaded 6 accounts from accounts.txt
2025-12-16 01:03:40 [INFO] DuelClient: Starting Playwright Firefox browser with proxy: 91.108.228.53:5432
2025-12-16 01:03:54 [INFO] DuelClient: Firefox browser started successfully with proxy and anti-detection
2025-12-16 01:03:54 [INFO] DuelClient: Verifying proxy connection...
2025-12-16 01:03:54 [INFO] DuelClient: Checking IP via https://api.ipify.org?format=json...
2025-12-16 01:03:57 [INFO] DuelClient: Successfully retrieved IP: 91.108.228.53
2025-12-16 01:03:57 [INFO] DuelClient: Proxy verified - IP Address: 91.108.228.53
2025-12-16 01:03:57 [INFO] DuelClient: Attempting to login with selected account...
2025-12-16 01:10:52 [INFO] OddsFinder: Received interrupt signal
2025-12-16 01:11:05 [INFO] OddsFinder: Loaded input data: {'min_prematch_odd': 1.5, 'max_prematch_odd': 2.5, 'min_live_odd': 1.8, 'max_live_odd': 2.6, 'kelly_fraction': 0.4, 'min_value_percentage': 10.0}
2025-12-16 01:11:05 [INFO] OddsFinder: Loaded 258 previously sent bets
2025-12-16 01:11:05 [INFO] OddsFinder: Initializing DuelClient...
2025-12-16 01:11:05 [INFO] DuelClient: Initializing DuelClient...
2025-12-16 01:11:05 [INFO] DuelClient: Loaded 6 accounts from accounts.txt
2025-12-16 01:11:10 [INFO] DuelClient: Starting Playwright Firefox browser with proxy: 91.108.228.160:5432
2025-12-16 01:11:15 [INFO] DuelClient: Firefox browser started successfully with proxy and anti-detection
2025-12-16 01:11:15 [INFO] DuelClient: Verifying proxy connection...
2025-12-16 01:11:15 [INFO] DuelClient: Checking IP via https://api.ipify.org?format=json...
2025-12-16 01:11:19 [INFO] DuelClient: Successfully retrieved IP: 91.108.228.160
2025-12-16 01:11:19 [INFO] DuelClient: Proxy verified - IP Address: 91.108.228.160
2025-12-16 01:11:19 [INFO] DuelClient: Attempting to login with selected account...
2025-12-16 01:15:01 [INFO] OddsFinder: Received interrupt signal
2025-12-16 01:15:11 [INFO] OddsFinder: Loaded input data: {'min_prematch_odd': 1.5, 'max_prematch_odd': 2.5, 'min_live_odd': 1.8, 'max_live_odd': 2.6, 'kelly_fraction': 0.4, 'min_value_percentage': 10.0}
2025-12-16 01:15:11 [INFO] OddsFinder: Loaded 258 previously sent bets
2025-12-16 01:15:11 [INFO] OddsFinder: Initializing DuelClient...
2025-12-16 01:15:11 [INFO] DuelClient: Initializing DuelClient...
2025-12-16 01:15:11 [INFO] DuelClient: Loaded 6 accounts from accounts.txt
2025-12-16 01:27:03 [INFO] DuelClient: Starting Playwright Firefox browser with proxy: 91.108.229.187:5432
2025-12-16 01:27:07 [INFO] DuelClient: Firefox browser started successfully with proxy and anti-detection
2025-12-16 01:27:07 [INFO] DuelClient: Verifying proxy connection...
2025-12-16 01:27:07 [INFO] DuelClient: Checking IP via https://api.ipify.org?format=json...
2025-12-16 01:27:11 [INFO] DuelClient: Successfully retrieved IP: 91.108.229.187
2025-12-16 01:27:11 [INFO] DuelClient: Proxy verified - IP Address: 91.108.229.187
2025-12-16 01:27:11 [INFO] DuelClient: Attempting to login with selected account...
2025-12-16 01:30:05 [INFO] OddsFinder: Received interrupt signal
2025-12-16 01:30:15 [INFO] OddsFinder: Loaded input data: {'min_prematch_odd': 1.5, 'max_prematch_odd': 2.5, 'min_live_odd': 1.8, 'max_live_odd': 2.6, 'kelly_fraction': 0.4, 'min_value_percentage': 10.0}
2025-12-16 01:30:15 [INFO] OddsFinder: Loaded 259 previously sent bets
2025-12-16 01:30:15 [INFO] OddsFinder: Initializing DuelClient...
2025-12-16 01:30:15 [INFO] DuelClient: Initializing DuelClient...
2025-12-16 01:30:15 [INFO] DuelClient: Loaded 6 accounts from accounts.txt
2025-12-16 01:30:43 [INFO] DuelClient: Starting Playwright Firefox browser with proxy: 91.108.229.134:5432
2025-12-16 01:30:48 [INFO] DuelClient: Firefox browser started successfully with proxy and anti-detection
2025-12-16 01:30:48 [INFO] DuelClient: Verifying proxy connection...
2025-12-16 01:30:48 [INFO] DuelClient: Checking IP via https://api.ipify.org?format=json...
2025-12-16 01:30:52 [INFO] DuelClient: Successfully retrieved IP: 91.108.229.134
2025-12-16 01:30:52 [INFO] DuelClient: Proxy verified - IP Address: 91.108.229.134
2025-12-16 01:30:52 [INFO] DuelClient: Attempting to login with selected account...
2025-12-16 01:36:26 [INFO] OddsFinder: Received interrupt signal
